Microchip MPLAB XC8 Compiler V2.41

Linker command line:

\
  --edf=C:/Users/akihi/.mchp_packs/Microchip/PIC18F-Q_DFP/1.23.425/xc8\pic\dat\20231017160250_en.msgs \
  -pivt0x8=08h -cn -h+dist/default/production\EMU8088RAM.X.production.sym \
  --cmf=dist/default/production\EMU8088RAM.X.production.cmf -z -Q18F57Q43 \
  -oC:\Users\akihi\AppData\Local\Temp\xcAsg5g.\driver_tmp_3.o \
  --defsym=__MPLAB_BUILD=1 --fixupoverflow=error \
  -Mdist/default/production/EMU8088RAM.X.production.map \
  --md=C:\Users\akihi\AppData\Local\Temp\xcAsg5g.\driver_tmp_0.dat -E1 \
  -ver=XC8 Compiler --acfsm=1493 -ACODE=00h-01FFFFh -ACONST=00h-01FFFFh \
  -ASMALLCONST=02600h-026FFhx474 \
  -AMEDIUMCONST=02600h-0FFFFh,012600h-01FFFFh -ACOMRAM=0501h-055Fh \
  -AABS1=0500h-024FFh -ABIGRAM=0501h-024FFh \
  -ARAM=0560h-05FFh,0600h-06FFhx31 -ABANK5=0560h-05FFh -ABANK6=0600h-06FFh \
  -ABANK7=0700h-07FFh -ABANK8=0800h-08FFh -ABANK9=0900h-09FFh \
  -ABANK10=0A00h-0AFFh -ABANK11=0B00h-0BFFh -ABANK12=0C00h-0CFFh \
  -ABANK13=0D00h-0DFFh -ABANK14=0E00h-0EFFh -ABANK15=0F00h-0FFFh \
  -ABANK16=01000h-010FFh -ABANK17=01100h-011FFh -ABANK18=01200h-012FFh \
  -ABANK19=01300h-013FFh -ABANK20=01400h-014FFh -ABANK21=01500h-015FFh \
  -ABANK22=01600h-016FFh -ABANK23=01700h-017FFh -ABANK24=01800h-018FFh \
  -ABANK25=01900h-019FFh -ABANK26=01A00h-01AFFh -ABANK27=01B00h-01BFFh \
  -ABANK28=01C00h-01CFFh -ABANK29=01D00h-01DFFh -ABANK30=01E00h-01EFFh \
  -ABANK31=01F00h-01FFFh -ABANK32=02000h-020FFh -ABANK33=02100h-021FFh \
  -ABANK34=02200h-022FFh -ABANK35=02300h-023FFh -ABANK36=02400h-024FFh \
  -ASFR=00h-0FFhx4,0400h-045Fh,0460h-04FFh,02500h-025FFh \
  -ABIGSFR=00h-04FFh,02500h-025FFh -ACONFIG=0300000h-0300011h \
  -AIDLOC=0200000h-020003Fh -AEEDATA=0380000h-03803FFh -peeprom_data=EEDATA \
  -preset_vec=00h -ppowerup=CODE,init -pramtop=02600h \
  -psmallconst=SMALLCONST -pmediumconst=MEDIUMCONST -pconst=CONST \
  -AFARRAM=00h-00h \
  -prdata=COMRAM,nvrram=COMRAM,nvbit=COMRAM,rbss=COMRAM,rbit=COMRAM \
  -pfarbss=FARRAM,fardata=FARRAM,nvFARRAM=FARRAM \
  -pintsave_regs=BIGRAM,bigbss=BIGRAM,bigdata=BIGRAM -pbss=RAM \
  -pidata=CODE,irdata=CODE,ibigdata=CODE,ifardata=CODE -prparam=COMRAM \
  C:\Users\akihi\AppData\Local\Temp\xcAsg5g.\driver_tmp_14.o \
  dist/default/production\EMU8088RAM.X.production.o 

Object code version is 3.11

Machine type is 18F57Q43



                Name                               Link     Load   Length Selector   Space Scale
C:\Users\akihi\AppData\Local\Temp\xcAsg5g.\driver_tmp_14.o
                config                           300000   300000        A        0       4
                init                                102      102        4        4       0
                reset_vec                             0        0        4        0       0
dist/default/production\EMU8088RAM.X.production.o
                config                           300000   300000        A        0       4
                mediumconst                        9FAE     9FAE     6052     4FD7       0
                ivt0x8                                8        8       FA        4       0
                text168                           1DB64    1DB64       62     76D9       0
                text167                           1D950    1D950       72     8000       0
                text166                           1E770    1E770        2     F106       0
                text165                           1D8DC    1D8DC       74     8000       0
                text164                           197F8    197F8      1B4     8000       0
                text163                           1E5B4    1E5B4       1E     F106       0
                text162                           1E6E2    1E6E2       16     F106       0
                text161                           1E74E    1E74E        E     F106       0
                text160                           1E6CC    1E6CC       16     F106       0
                text159                           1E6B6    1E6B6       16     F106       0
                text158                           1E324    1E324       38     F106       0
                text157                           1DF64    1DF64       4C     76D9       0
                text156                           1E6A0    1E6A0       16     F106       0
                text155                           1BAC8    1BAC8      11C     8000       0
                text154                           1B606    1B606      13E     8000       0
                text153                           1A03A    1A03A      194     8000       0
                text152                           1E68A    1E68A       16     F106       0
                text151                           1E674    1E674       16     F106       0
                text150                           1E72E    1E72E       12     F106       0
                text149                           1E65E    1E65E       16     F106       0
                text148                           1E648    1E648       16     F106       0
                text147                           1DA2E    1DA2E       6A     8000       0
                text146                           1CA12    1CA12       CC     8000       0
                text145                           1CF78    1CF78       B8     8000       0
                text144                           1E2EC    1E2EC       38     F106       0
                text143                           1D4C2    1D4C2       94     8000       0
                text142                           1DD30    1DD30       54     76D9       0
                text141                           1E10A    1E10A       42     76D9       0
                text140                           1DBC6    1DBC6       5E     76D9       0
                text139                           1E5EE    1E5EE       18     F106       0
                text138                           1E554    1E554       22     F106       0
                text137                           1E44E    1E44E       2A     F106       0
                text136                           1D664    1D664       84     8000       0
                text135                           1E532    1E532       22     F106       0
                text134                           17464    17464      328     8000       0
                text133                           1E510    1E510       22     F106       0
                text132                           1E03C    1E03C       46     76D9       0
                text131                           1D030    1D030       B6     8000       0
                text130                           1CD3C    1CD3C       C4     8000       0
                text129                           1CC72    1CC72       CA     8000       0
                text128                           1CBA8    1CBA8       CA     8000       0
                text127                           1BE06    1BE06      10C     8000       0
                text126                           1C416    1C416       EC     8000       0
                text125                           1E18C    1E18C       40     76D9       0
                text124                           1E0C6    1E0C6       44     76D9       0
                text123                           1D23C    1D23C       AA     8000       0
                text122                           18C9C    18C9C      200     8000       0
                text121                           169AA    169AA      39A     8000       0
                text120                           1D192    1D192       AA     8000       0
                text119                           1C018    1C018      104     8000       0
                text118                           15DDA    15DDA      42A     8000       0
                text117                           1E2B4    1E2B4       38     F106       0
                text116                           14722    14722      4C0     8000       0
                text115                           1DFF6    1DFF6       46     76D9       0
                text114                           1BF12    1BF12      106     8000       0
                text113                           1C21E    1C21E       FE     8000       0
                text112                           18874    18874      216     8000       0
                text111                           1DA98    1DA98       66     8000       0
                text110                           1DEC8    1DEC8       50     76D9       0
                text109                           1E082    1E082       44     76D9       0
                text108                           10AC4    10AC4      A64     8000       0
                text107                           1E4C8    1E4C8       26     F106       0
                text106                           1C878    1C878       CE     8000       0
                text105                           1DE78    1DE78       50     76D9       0
                text104                           1A1CE    1A1CE      192     8000       0
                text103                           1B87C    1B87C      12C     8000       0
                text102                           1E27C    1E27C       38     F106       0
                text101                           1E422    1E422       2C     F106       0
                text100                           1E3F6    1E3F6       2C     F106       0
                text99                            1E244    1E244       38     F106       0
                text98                            19472    19472      1D0     8000       0
                text97                            12D8E    12D8E      7D0     8000       0
                text96                            1DCDA    1DCDA       56     76D9       0
                text95                            1E4A0    1E4A0       28     F106       0
                text94                            1AC7A    1AC7A      174     8000       0
                text93                            16604    16604      3A6     8000       0
                text92                            1A678    1A678      18A     8000       0
                text91                            15548    15548      468     8000       0
                text90                            1A4EE    1A4EE      18A     8000       0
                text89                            19E9C    19E9C      19E     8000       0
                text88                            1C946    1C946       CC     8000       0
                text87                            16204    16204      400     8000       0
                text86                            1D768    1D768       80     8000       0
                text85                            1C11C    1C11C      102     8000       0
                text84                            1355E    1355E      714     8000       0
                text83                            1D2E6    1D2E6       A4     8000       0
                text82                            1D9C2    1D9C2       6C     8000       0
                text81                            1E478    1E478       28     F106       0
                text80                            14222    14222      500     8000       0
                text79                            13C72    13C72      5B0     8000       0
                text78                            11DA4    11DA4      802     8000       0
                text77                            1CE00    1CE00       BE     8000       0
                text76                            1B0BE    1B0BE      164     8000       0
                text75                            1D5E0    1D5E0       84     8000       0
                text74                            1A360    1A360      18E     8000       0
                text73                            1D0E6    1D0E6       AC     8000       0
                text72                            1BCF6    1BCF6      110     8000       0
                text71                            1BBE4    1BBE4      112     8000       0
                text70                            1E632    1E632       16     F106       0
                text69                            1E35C    1E35C       36     F106       0
                text68                            1DAFE    1DAFE       64     8000       0
                text67                            1E71C    1E71C       12     F106       0
                text66                            1DF18    1DF18       4C     76D9       0
                text65                            1CEBE    1CEBE       BA     8000       0
                text64                            1AB04    1AB04      176     8000       0
                text63                            18A8A    18A8A      212     8000       0
                text62                            1865E    1865E      216     8000       0
                text61                            11528    11528      87C     8000       0
                text60                            199AC    199AC      1AE     8000       0
                text59                            1D426    1D426       9C     8000       0
                text58                            1B4C0    1B4C0      146     8000       0
                text57                            19288    19288      1EA     8000       0
                text56                            1E740    1E740        E     F106       0
                text55                            1B9A8    1B9A8      120     8000       0
                text54                            1E76C    1E76C        4     F106       0
                text53                            1AF5A    1AF5A      164     8000       0
                text52                            19642    19642      1B6     8000       0
                text51                            1E61C    1E61C       16     F106       0
                text50                            1E768    1E768        4     F106       0
                text49                            1E70A    1E70A       12     F106       0
                text48                            1E75C    1E75C        8     F106       0
                text47                            1E6F8    1E6F8       12     F106       0
                text46                            1DFB0    1DFB0       46     76D9       0
                text45                            17A78    17A78      294     8000       0
                text44                            1C7AA    1C7AA       CE     8000       0
                text43                            1778C    1778C      2EC     8000       0
                text42                            19094    19094      1F4     8000       0
                text41                            19CFE    19CFE      19E     8000       0
                text40                            10000    10000      AC4     8000       0
                text39                            1C31C    1C31C       FA     8000       0
                text38                            1DDD6    1DDD6       52     76D9       0
                text37                            1DC24    1DC24       5C     76D9       0
                text36                            17F9E    17F9E      272     8000       0
                text35                            1E20C    1E20C       38     F106       0
                text34                            1B222    1B222      150     8000       0
                text33                            159B0    159B0      42A     8000       0
                text32                            170DA    170DA      38A     8000       0
                text31                            1B372    1B372      14E     8000       0
                text30                            1C5E8    1C5E8       E2     8000       0
                text29                            1D38A    1D38A       9C     8000       0
                text28                            1C6CA    1C6CA       E0     8000       0
                text27                            1DC80    1DC80       5A     76D9       0
                text26                            16D44    16D44      396     8000       0
                text25                            1A802    1A802      184     8000       0
                text24                            1D6E8    1D6E8       80     8000       0
                text23                            18442    18442      21C     8000       0
                text22                            18210    18210      232     8000       0
                text21                            125A6    125A6      7E8     8000       0
                text20                            1A986    1A986      17E     8000       0
                text19                            19B5A    19B5A      1A4     8000       0
                text18                            18E9C    18E9C      1F8     8000       0
                text17                            1C502    1C502       E6     8000       0
                text16                            1DE28    1DE28       50     76D9       0
                text15                            1D864    1D864       78     8000       0
                text14                            1509E    1509E      4AA     8000       0
                text13                            1E606    1E606       16     F106       0
                text12                            1E3C4    1E3C4       32     F106       0
                text11                            1E596    1E596       1E     F106       0
                text10                            1E5D2    1E5D2       1C     F106       0
                text9                             1E576    1E576       20     F106       0
                text8                             1D7E8    1D7E8       7C     8000       0
                text7                             1E392    1E392       32     F106       0
                text6                             1B744    1B744      138     8000       0
                text5                             14BE2    14BE2      4BC     8000       0
                text4                             1D556    1D556       8A     8000       0
                text3                             1DD84    1DD84       52     76D9       0
                text2                             1ADEE    1ADEE      16C     8000       0
                text1                             1E4EE    1E4EE       22     F106       0
                text0                             17D0C    17D0C      292     8000       0
                cstackCOMRAM                        501      501       55      501       1
                cstackBANK5                         560      560       A0      560       1
                cstackBANK6                         600      600       E7      600       1
                cstackBANK7                         76C      76C       43      700       1
                cstackBANK8                         890      890        C      800       1
                bssBIGRAM                           A00      A00     14FC      A00       1
                bssBANK9                            900      900      100      900       1
                dataBANK8                           850      850       40      800       1
                bssBANK8                            800      800       50      800       1
                dataBANK7                           7AF      7AF       3F      700       1
                bssBANK7                            700      700       6C      700       1
                dataBANK6                           6F7      6F7        4      600       1
                bssBANK6                            6E7      6E7       10      600       1
                bssCOMRAM                           556      556        5      501       1
                cinit                             1CADE    1CADE       CA     8000       0
                nvBANK7                             7EE      7EE        C      700       1
                idataBANK8                        1E14C    1E14C       40     76D9       0
                idataBANK7                        1E1CC    1E1CC       3F     76D9       0
                idataBANK6                        1E764    1E764        4     F106       0

TOTAL           Name                               Link     Load   Length     Space
        CLASS   CODE           
                init                                102      102        4         0
                reset_vec                             0        0        4         0
                ivt0x8                                8        8       FA         0
                text168                           1DB64    1DB64       62         0
                text167                           1D950    1D950       72         0
                text166                           1E770    1E770        2         0
                text165                           1D8DC    1D8DC       74         0
                text164                           197F8    197F8      1B4         0
                text163                           1E5B4    1E5B4       1E         0
                text162                           1E6E2    1E6E2       16         0
                text161                           1E74E    1E74E        E         0
                text160                           1E6CC    1E6CC       16         0
                text159                           1E6B6    1E6B6       16         0
                text158                           1E324    1E324       38         0
                text157                           1DF64    1DF64       4C         0
                text156                           1E6A0    1E6A0       16         0
                text155                           1BAC8    1BAC8      11C         0
                text154                           1B606    1B606      13E         0
                text153                           1A03A    1A03A      194         0
                text152                           1E68A    1E68A       16         0
                text151                           1E674    1E674       16         0
                text150                           1E72E    1E72E       12         0
                text149                           1E65E    1E65E       16         0
                text148                           1E648    1E648       16         0
                text147                           1DA2E    1DA2E       6A         0
                text146                           1CA12    1CA12       CC         0
                text145                           1CF78    1CF78       B8         0
                text144                           1E2EC    1E2EC       38         0
                text143                           1D4C2    1D4C2       94         0
                text142                           1DD30    1DD30       54         0
                text141                           1E10A    1E10A       42         0
                text140                           1DBC6    1DBC6       5E         0
                text139                           1E5EE    1E5EE       18         0
                text138                           1E554    1E554       22         0
                text137                           1E44E    1E44E       2A         0
                text136                           1D664    1D664       84         0
                text135                           1E532    1E532       22         0
                text134                           17464    17464      328         0
                text133                           1E510    1E510       22         0
                text132                           1E03C    1E03C       46         0
                text131                           1D030    1D030       B6         0
                text130                           1CD3C    1CD3C       C4         0
                text129                           1CC72    1CC72       CA         0
                text128                           1CBA8    1CBA8       CA         0
                text127                           1BE06    1BE06      10C         0
                text126                           1C416    1C416       EC         0
                text125                           1E18C    1E18C       40         0
                text124                           1E0C6    1E0C6       44         0
                text123                           1D23C    1D23C       AA         0
                text122                           18C9C    18C9C      200         0
                text121                           169AA    169AA      39A         0
                text120                           1D192    1D192       AA         0
                text119                           1C018    1C018      104         0
                text118                           15DDA    15DDA      42A         0
                text117                           1E2B4    1E2B4       38         0
                text116                           14722    14722      4C0         0
                text115                           1DFF6    1DFF6       46         0
                text114                           1BF12    1BF12      106         0
                text113                           1C21E    1C21E       FE         0
                text112                           18874    18874      216         0
                text111                           1DA98    1DA98       66         0
                text110                           1DEC8    1DEC8       50         0
                text109                           1E082    1E082       44         0
                text108                           10AC4    10AC4      A64         0
                text107                           1E4C8    1E4C8       26         0
                text106                           1C878    1C878       CE         0
                text105                           1DE78    1DE78       50         0
                text104                           1A1CE    1A1CE      192         0
                text103                           1B87C    1B87C      12C         0
                text102                           1E27C    1E27C       38         0
                text101                           1E422    1E422       2C         0
                text100                           1E3F6    1E3F6       2C         0
                text99                            1E244    1E244       38         0
                text98                            19472    19472      1D0         0
                text97                            12D8E    12D8E      7D0         0
                text96                            1DCDA    1DCDA       56         0
                text95                            1E4A0    1E4A0       28         0
                text94                            1AC7A    1AC7A      174         0
                text93                            16604    16604      3A6         0
                text92                            1A678    1A678      18A         0
                text91                            15548    15548      468         0
                text90                            1A4EE    1A4EE      18A         0
                text89                            19E9C    19E9C      19E         0
                text88                            1C946    1C946       CC         0
                text87                            16204    16204      400         0
                text86                            1D768    1D768       80         0
                text85                            1C11C    1C11C      102         0
                text84                            1355E    1355E      714         0
                text83                            1D2E6    1D2E6       A4         0
                text82                            1D9C2    1D9C2       6C         0
                text81                            1E478    1E478       28         0
                text80                            14222    14222      500         0
                text79                            13C72    13C72      5B0         0
                text78                            11DA4    11DA4      802         0
                text77                            1CE00    1CE00       BE         0
                text76                            1B0BE    1B0BE      164         0
                text75                            1D5E0    1D5E0       84         0
                text74                            1A360    1A360      18E         0
                text73                            1D0E6    1D0E6       AC         0
                text72                            1BCF6    1BCF6      110         0
                text71                            1BBE4    1BBE4      112         0
                text70                            1E632    1E632       16         0
                text69                            1E35C    1E35C       36         0
                text68                            1DAFE    1DAFE       64         0
                text67                            1E71C    1E71C       12         0
                text66                            1DF18    1DF18       4C         0
                text65                            1CEBE    1CEBE       BA         0
                text64                            1AB04    1AB04      176         0
                text63                            18A8A    18A8A      212         0
                text62                            1865E    1865E      216         0
                text61                            11528    11528      87C         0
                text60                            199AC    199AC      1AE         0
                text59                            1D426    1D426       9C         0
                text58                            1B4C0    1B4C0      146         0
                text57                            19288    19288      1EA         0
                text56                            1E740    1E740        E         0
                text55                            1B9A8    1B9A8      120         0
                text54                            1E76C    1E76C        4         0
                text53                            1AF5A    1AF5A      164         0
                text52                            19642    19642      1B6         0
                text51                            1E61C    1E61C       16         0
                text50                            1E768    1E768        4         0
                text49                            1E70A    1E70A       12         0
                text48                            1E75C    1E75C        8         0
                text47                            1E6F8    1E6F8       12         0
                text46                            1DFB0    1DFB0       46         0
                text45                            17A78    17A78      294         0
                text44                            1C7AA    1C7AA       CE         0
                text43                            1778C    1778C      2EC         0
                text42                            19094    19094      1F4         0
                text41                            19CFE    19CFE      19E         0
                text40                            10000    10000      AC4         0
                text39                            1C31C    1C31C       FA         0
                text38                            1DDD6    1DDD6       52         0
                text37                            1DC24    1DC24       5C         0
                text36                            17F9E    17F9E      272         0
                text35                            1E20C    1E20C       38         0
                text34                            1B222    1B222      150         0
                text33                            159B0    159B0      42A         0
                text32                            170DA    170DA      38A         0
                text31                            1B372    1B372      14E         0
                text30                            1C5E8    1C5E8       E2         0
                text29                            1D38A    1D38A       9C         0
                text28                            1C6CA    1C6CA       E0         0
                text27                            1DC80    1DC80       5A         0
                text26                            16D44    16D44      396         0
                text25                            1A802    1A802      184         0
                text24                            1D6E8    1D6E8       80         0
                text23                            18442    18442      21C         0
                text22                            18210    18210      232         0
                text21                            125A6    125A6      7E8         0
                text20                            1A986    1A986      17E         0
                text19                            19B5A    19B5A      1A4         0
                text18                            18E9C    18E9C      1F8         0
                text17                            1C502    1C502       E6         0
                text16                            1DE28    1DE28       50         0
                text15                            1D864    1D864       78         0
                text14                            1509E    1509E      4AA         0
                text13                            1E606    1E606       16         0
                text12                            1E3C4    1E3C4       32         0
                text11                            1E596    1E596       1E         0
                text10                            1E5D2    1E5D2       1C         0
                text9                             1E576    1E576       20         0
                text8                             1D7E8    1D7E8       7C         0
                text7                             1E392    1E392       32         0
                text6                             1B744    1B744      138         0
                text5                             14BE2    14BE2      4BC         0
                text4                             1D556    1D556       8A         0
                text3                             1DD84    1DD84       52         0
                text2                             1ADEE    1ADEE      16C         0
                text1                             1E4EE    1E4EE       22         0
                text0                             17D0C    17D0C      292         0
                cinit                             1CADE    1CADE       CA         0
                idataBANK8                        1E14C    1E14C       40         0
                idataBANK7                        1E1CC    1E1CC       3F         0
                idataBANK6                        1E764    1E764        4         0

        CLASS   CONST          

        CLASS   SMALLCONST     

        CLASS   MEDIUMCONST    
                mediumconst                        9FAE     9FAE     6052         0

        CLASS   COMRAM         
                cstackCOMRAM                        501      501       55         1
                bssCOMRAM                           556      556        5         1

        CLASS   ABS1           

        CLASS   BIGRAM         
                bssBIGRAM                           A00      A00     14FC         1

        CLASS   RAM            

        CLASS   BANK5          
                cstackBANK5                         560      560       A0         1

        CLASS   BANK6          
                cstackBANK6                         600      600       E7         1
                dataBANK6                           6F7      6F7        4         1
                bssBANK6                            6E7      6E7       10         1

        CLASS   BANK7          
                cstackBANK7                         76C      76C       43         1
                dataBANK7                           7AF      7AF       3F         1
                bssBANK7                            700      700       6C         1
                nvBANK7                             7EE      7EE        C         1

        CLASS   BANK8          
                cstackBANK8                         890      890        C         1
                dataBANK8                           850      850       40         1
                bssBANK8                            800      800       50         1

        CLASS   BANK9          
                bssBANK9                            900      900      100         1

        CLASS   BANK10         

        CLASS   BANK11         

        CLASS   BANK12         

        CLASS   BANK13         

        CLASS   BANK14         

        CLASS   BANK15         

        CLASS   BANK16         

        CLASS   BANK17         

        CLASS   BANK18         

        CLASS   BANK19         

        CLASS   BANK20         

        CLASS   BANK21         

        CLASS   BANK22         

        CLASS   BANK23         

        CLASS   BANK24         

        CLASS   BANK25         

        CLASS   BANK26         

        CLASS   BANK27         

        CLASS   BANK28         

        CLASS   BANK29         

        CLASS   BANK30         

        CLASS   BANK31         

        CLASS   BANK32         

        CLASS   BANK33         

        CLASS   BANK34         

        CLASS   BANK35         

        CLASS   BANK36         

        CLASS   SFR            

        CLASS   BIGSFR         

        CLASS   CONFIG         
                config                           300000   300000        A         4

        CLASS   IDLOC          

        CLASS   EEDATA         

        CLASS   FARRAM         

        CLASS   HEAP           

        CLASS   STACK          



SEGMENTS        Name                           Load    Length   Top    Selector   Space  Class

                reset_vec                      000000  000004  000004         0       0  CODE    
                ivt0x8                         000008  0000FE  000106         4       0  CODE    
                cstackCOMRAM                   000501  00005A  00055B       501       1  COMRAM  
                cstackBANK5                    000560  0000A0  000600       560       1  BANK5   
                cstackBANK6                    000600  0000FB  0006FB       600       1  BANK6   
                bssBANK7                       000700  0000FA  0007FA       700       1  BANK7   
                bssBANK8                       000800  00009C  00089C       800       1  BANK8   
                bssBANK9                       000900  000100  000A00       900       1  BANK9   
                bssBIGRAM                      000A00  0014FC  001EFC       A00       1  BIGRAM  
                mediumconst                    009FAE  006052  010000      4FD7       0  MEDIUMCO
                text40                         010000  00DB62  01DB62      8000       0  CODE    
                text168                        01DB64  0006A7  01E20B      76D9       0  CODE    
                text35                         01E20C  000566  01E772      F106       0  CODE    


UNUSED ADDRESS RANGES

        Name                Unused          Largest block    Delta
        BANK30           001EFC-001EFF                4
        BANK31           001F00-001FFF              100
        BANK32           002000-0020FF              100
        BANK33           002100-0021FF              100
        BANK34           002200-0022FF              100
        BANK35           002300-0023FF              100
        BANK36           002400-0024FF              100
        BANK6            0006FB-0006FF                5
        BANK7            0007FA-0007FF                6
        BANK8            00089C-0008FF               64
        BIGRAM           00055B-00055F                5
                         0006FB-0006FF                5
                         0007FA-0007FF                6
                         00089C-0008FF               64
                         001EFC-0024FF              604
        BIGSFR           000000-0004FF              500
                         002500-0025FF              100
        CODE             000004-000007                4
                         000106-009FAD             9EA8
                         01DB62-01DB63                2
                         01E20B-01E20B                1
                         01E772-01FFFF             188E
        COMRAM           00055B-00055F                5
        CONFIG           30000A-300011                8
        CONST            000004-000007                4
                         000106-009FAD             9EA8
                         01DB62-01DB63                2
                         01E20B-01E20B                1
                         01E772-01FFFF             188E
        EEDATA           380000-3803FF              400
        IDLOC            200000-20003F               40
        MEDIUMCONST      002600-009FAD             79AE
                         01DB62-01DB63                2
                         01E20B-01E20B                1
                         01E772-01FFFF             188E
        RAM              0006FB-0006FF                5
                         0007FA-0007FF                6
                         00089C-0008FF               64
                         001EFC-0024FF              100
        SFR              000000-0004FF              100
                         002500-0025FF              100
        SMALLCONST       002600-009FAD              100
                         01DB62-01DB63                2
                         01E20B-01E20B                1
                         01E772-01FFFF              100

                                  Symbol Table

?_SDCard_init                             cstackBANK5  0005DA
?_SDCard_read512                          cstackBANK5  0005F3
?_SDCard_write512                         cstackBANK5  0005F3
?___SDCard_command_r1                     cstackCOMRAM 00051D
?___SDCard_crc16                          cstackCOMRAM 000506
?___aldiv                                 cstackCOMRAM 000506
?___almod                                 cstackCOMRAM 000506
?___fladd                                 cstackCOMRAM 000506
?___fldiv                                 cstackCOMRAM 00053A
?___flmul                                 cstackCOMRAM 000521
?___flneg                                 cstackCOMRAM 000506
?___flsub                                 cstackCOMRAM 00053A
?___fltol                                 cstackCOMRAM 000506
?___fpclassifyf                           cstackCOMRAM 000506
?___lldiv                                 cstackCOMRAM 000506
?___lmul                                  cstackCOMRAM 000506
?___lwdiv                                 cstackCOMRAM 00050C
?___wmul                                  cstackCOMRAM 000506
?___xxtofl                                cstackCOMRAM 000513
?_abs                                     cstackCOMRAM 000510
?_check_fs                                cstackBANK6  00063A
?_clst2sect                               cstackCOMRAM 000512
?_create_chain                            cstackBANK6  00065B
?_dbc_1st                                 cstackCOMRAM 000506
?_dbc_2nd                                 cstackCOMRAM 000506
?_disk_init                               cstackBANK6  0006D2
?_find_volume                             cstackBANK6  000648
?_floorf                                  cstackBANK5  000560
?_get_fat                                 cstackBANK6  00063A
?_get_fattime                             cstackCOMRAM 000506
?_get_ldnumber                            cstackCOMRAM 000506
?_get_physical_addr                       cstackCOMRAM 000506
?_getch                                   cstackCOMRAM 000506
?_isalpha                                 cstackCOMRAM 000506
?_islower                                 cstackCOMRAM 000506
?_isupper                                 cstackCOMRAM 000506
?_labs                                    cstackCOMRAM 000506
?_ld_clust                                cstackCOMRAM 00050D
?_ld_dword                                cstackCOMRAM 000506
?_ld_word                                 cstackCOMRAM 000506
?_memcmp                                  cstackCOMRAM 000506
?_menu_select                             cstackBANK6  0006D3
?_printf                                  cstackBANK5  0005C4
?_read_disk                               cstackBANK6  0006B8
?_read_prec_or_width                      cstackCOMRAM 00050C
?_read_sector                             cstackBANK6  0006AA
?_seek_disk                               cstackBANK6  0006A1
?_set_bpb                                 cstackCOMRAM 000506
?_set_drive                               cstackCOMRAM 000506
?_setup_drive                             cstackCOMRAM 000509
?_sprintf                                 cstackBANK5  0005C4
?_strchr                                  cstackCOMRAM 000506
?_strcmp                                  cstackCOMRAM 000506
?_strlen                                  cstackCOMRAM 000506
?_strncmp                                 cstackCOMRAM 000506
?_toupper                                 cstackCOMRAM 00050A
?_vfprintf                                cstackBANK5  0005BC
?_write_disk                              cstackBANK6  0006B4
?_write_sector                            cstackBANK6  0006AA
?_write_verify                            cstackBANK6  0006B8
IVTBASEH                                  (abs)        00045E
IVTBASEL                                  (abs)        00045D
IVTBASEU                                  (abs)        00045F
SDCard_command@argument                   cstackCOMRAM 00052D
SDCard_command@command                    cstackCOMRAM 000535
SDCard_command@length                     cstackCOMRAM 000533
SDCard_command@response_buffer            cstackCOMRAM 000531
SDCard_command@responsep                  cstackCOMRAM 00053A
SDCard_command@result                     cstackCOMRAM 000538
SDCard_command@spi                        cstackCOMRAM 000536
SDCard_crc@buf                            cstackCOMRAM 000506
SDCard_crc@count                          cstackCOMRAM 000508
SDCard_crc@crc                            cstackCOMRAM 00050E
SDCard_crc@endp                           cstackCOMRAM 00050A
SDCard_crc@i                              cstackCOMRAM 00050C
SDCard_crc@p                              cstackCOMRAM 00050F
SDCard_end_transaction@spi                cstackCOMRAM 000517
SDCard_init@buf                           cstackBANK5  0005E4
SDCard_init@clock_speed                   cstackBANK5  0005DC
SDCard_init@i                             cstackBANK5  0005E0
SDCard_init@initial_clock_speed           cstackBANK5  0005DA
SDCard_init@spi                           cstackBANK5  0005E2
SDCard_init@timeout                       cstackBANK5  0005DE
SDCard_read512@addr                       cstackBANK5  0005F3
SDCard_read512@buf                        cstackBANK5  0005F9
SDCard_read512@count                      cstackBANK5  0005FB
SDCard_read512@crc                        cstackBANK6  000610
SDCard_read512@i                          cstackBANK6  000604
SDCard_read512@i_621                      cstackBANK6  000606
SDCard_read512@offs                       cstackBANK5  0005F7
SDCard_read512@resp_crc                   cstackBANK6  00060A
SDCard_read512@response                   cstackBANK6  000612
SDCard_read512@result                     cstackBANK6  00060C
SDCard_read512@retry                      cstackBANK6  000608
SDCard_read512@spi                        cstackBANK6  00060E
SDCard_write512@addr                      cstackBANK5  0005F3
SDCard_write512@buf                       cstackBANK5  0005F9
SDCard_write512@count                     cstackBANK5  0005FB
SDCard_write512@crc                       cstackBANK6  00060C
SDCard_write512@i                         cstackBANK6  000604
SDCard_write512@i_638                     cstackBANK6  000606
SDCard_write512@offs                      cstackBANK5  0005F7
SDCard_write512@response                  cstackBANK6  000610
SDCard_write512@result                    cstackBANK6  00060A
SDCard_write512@retry                     cstackBANK6  000608
SDCard_write512@spi                       cstackBANK6  00060E
SPI_SD_begin@ctx                          cstackCOMRAM 000508
SPI_SD_begin@ctx_                         cstackCOMRAM 000506
SPI_SD_begin_transaction@ctx_             cstackCOMRAM 00050A
SPI_SD_configure@bit_order                cstackBANK5  0005D6
SPI_SD_configure@clock_speed              cstackBANK5  0005D4
SPI_SD_configure@ctx_                     cstackBANK5  0005D2
SPI_SD_configure@data_mode                cstackBANK5  0005D7
SPI_SD_dummy_clocks@clocks                cstackCOMRAM 000512
SPI_SD_dummy_clocks@ctx_                  cstackCOMRAM 000510
SPI_SD_dummy_clocks@dummy                 cstackCOMRAM 000516
SPI_SD_dummy_clocks@i                     cstackCOMRAM 000514
SPI_SD_end_transaction@ctx_               cstackCOMRAM 00050A
SPI_SD_receive@buf                        cstackCOMRAM 000508
SPI_SD_receive@count                      cstackCOMRAM 00050A
SPI_SD_receive@ctx_                       cstackCOMRAM 000506
SPI_SD_receive@i                          cstackCOMRAM 00050F
SPI_SD_receive@i_537                      cstackCOMRAM 000511
SPI_SD_receive@p                          cstackCOMRAM 000512
SPI_SD_receive@repeat                     cstackCOMRAM 00050E
SPI_SD_receive_byte@ctx_                  cstackCOMRAM 000514
SPI_SD_receive_byte@dummy                 cstackCOMRAM 000516
SPI_SD_select@ctx_                        cstackCOMRAM 000506
SPI_SD_select@select                      cstackCOMRAM 000508
SPI_SD_send@buf                           cstackCOMRAM 000508
SPI_SD_send@count                         cstackCOMRAM 00050A
SPI_SD_send@ctx_                          cstackCOMRAM 000506
SPI_SD_send@i                             cstackCOMRAM 00050C
SPI_SD_send@p                             cstackCOMRAM 00050E
TIMER0_ISR@tmpCnt                         cstackCOMRAM 000501
URT3Rx_ISR@rx_data                        cstackCOMRAM 000505
_ANSELA                                   (abs)        000400
_ANSELB                                   (abs)        000408
_ANSELC                                   (abs)        000410
_ANSELD                                   (abs)        000418
_ANSELE0                                  (abs)        002100
_ANSELE1                                  (abs)        002101
_ANSELE2                                  (abs)        002102
_ANSELF                                   (abs)        000428
_CLC3OUT                                  (abs)        0006A2
_CLCIN2PPS                                (abs)        000263
_CLCIN3PPS                                (abs)        000264
_CLCSELECT                                (abs)        0000D5
_CLCnCON                                  (abs)        0000D6
_CLCnGLS0                                 (abs)        0000DC
_CLCnGLS1                                 (abs)        0000DD
_CLCnGLS2                                 (abs)        0000DE
_CLCnGLS3                                 (abs)        0000DF
_CLCnPOL                                  (abs)        0000D7
_CLCnSEL0                                 (abs)        0000D8
_CLCnSEL1                                 (abs)        0000D9
_CLCnSEL2                                 (abs)        0000DA
_CLCnSEL3                                 (abs)        0000DB
_DbcTbl                                   mediumconst  009FAF
_Default_ISR                              text166      01E770
_FatFs                                    bssBANK6     0006EE
_Fsid                                     bssBANK7     000712
_G3POL                                    (abs)        0006BA
_GIE                                      (abs)        0026B7
_IVTBASE                                  (abs)        00045D
_IVTLOCK                                  (abs)        000459
_IVTLOCKbits                              (abs)        000459
_LATA0                                    (abs)        0025F0
_LATA1                                    (abs)        0025F1
_LATA2                                    (abs)        0025F2
_LATA3                                    (abs)        0025F3
_LATA5                                    (abs)        0025F5
_LATA6                                    (abs)        0025F6
_LATB0                                    (abs)        0025F8
_LATB1                                    (abs)        0025F9
_LATB2                                    (abs)        0025FA
_LATB5                                    (abs)        0025FD
_LATB6                                    (abs)        0025FE
_LATB7                                    (abs)        0025FF
_LATC                                     (abs)        0004C0
_LATD                                     (abs)        0004C1
_LATE0                                    (abs)        002610
_LATE1                                    (abs)        002611
_LATE2                                    (abs)        002612
_LATF                                     (abs)        0004C3
_LFOEN                                    (abs)        00059C
_OSCFRQ                                   (abs)        0000B1
_PORTC                                    (abs)        0004D0
_PWM3CLK                                  (abs)        00047F
_PWM3CON                                  (abs)        000487
_PWM3GIE                                  (abs)        000486
_PWM3PR                                   (abs)        000481
_PWM3S1CFG                                (abs)        000488
_PWM3S1P1                                 (abs)        000489
_PWM3S1P2                                 (abs)        00048B
_RA5                                      (abs)        002675
_RA6PPS                                   (abs)        000207
_RB1                                      (abs)        002679
_RB1PPS                                   (abs)        00020A
_RB2                                      (abs)        00267A
_RB2PPS                                   (abs)        00020B
_RB6PPS                                   (abs)        00020F
_RB7PPS                                   (abs)        000210
_RC0PPS                                   (abs)        000211
_RC1PPS                                   (abs)        000212
_RE0PPS                                   (abs)        000221
_SDCard_command                           text8        01D7E8
_SDCard_crc                               text136      01D664
_SDCard_end_transaction                   text137      01E44E
_SDCard_init                              text5        014BE2
_SDCard_read512                           text93       016604
_SDCard_write512                          text91       015548
_SLRCONCbits                              (abs)        000413
_SPI1BAUD                                 (abs)        000089
_SPI1CLK                                  (abs)        00008C
_SPI1CON0                                 (abs)        000084
_SPI1CON0bits                             (abs)        000084
_SPI1CON1                                 (abs)        000085
_SPI1CON1bits                             (abs)        000085
_SPI1CON2bits                             (abs)        000086
_SPI1INTE                                 (abs)        00008B
_SPI1RXB                                  (abs)        000080
_SPI1RXIF                                 (abs)        002588
_SPI1SCKPPS                               (abs)        00026A
_SPI1SDIPPS                               (abs)        00026B
_SPI1TCNTH                                (abs)        000083
_SPI1TCNTL                                (abs)        000082
_SPI1TWIDTH                               (abs)        000088
_SPI1TXB                                  (abs)        000081
_SPI_SD_begin                             text7        01E392
_SPI_SD_begin_transaction                 text135      01E532
_SPI_SD_configure                         text6        01B744
_SPI_SD_ctx                               dataBANK7    0007B8
_SPI_SD_dummy_clocks                      text140      01DBC6
_SPI_SD_end_transaction                   text138      01E554
_SPI_SD_receive                           text134      017464
_SPI_SD_receive_byte                      text133      01E510
_SPI_SD_select                            text139      01E5EE
_SPI_SD_send                              text143      01D4C2
_T0CON0                                   (abs)        00031A
_T0CON1                                   (abs)        00031B
_TIMER0_ISR                               text167      01D950
_TMR0H                                    (abs)        000319
_TMR0IE                                   (abs)        00250F
_TMR0IF                                   (abs)        00258F
_TMR0L                                    (abs)        000318
_TRISA0                                   (abs)        002630
_TRISA1                                   (abs)        002631
_TRISA2                                   (abs)        002632
_TRISA3                                   (abs)        002633
_TRISA5                                   (abs)        002635
_TRISA6                                   (abs)        002636
_TRISA7                                   (abs)        002637
_TRISB0                                   (abs)        002638
_TRISB1                                   (abs)        002639
_TRISB2                                   (abs)        00263A
_TRISB3                                   (abs)        00263B
_TRISB5                                   (abs)        00263D
_TRISB6                                   (abs)        00263E
_TRISB7                                   (abs)        00263F
_TRISC                                    (abs)        0004C8
_TRISC0                                   (abs)        002640
_TRISC1                                   (abs)        002641
_TRISC2                                   (abs)        002642
_TRISD                                    (abs)        0004C9
_TRISE0                                   (abs)        002650
_TRISE1                                   (abs)        002651
_TRISE2                                   (abs)        002652
_TRISF                                    (abs)        0004CB
_U3BRG                                    (abs)        0002D4
_U3ON                                     (abs)        001697
_U3RXB                                    (abs)        0002C7
_U3RXEN                                   (abs)        00168C
_U3RXIE                                   (abs)        002538
_U3RXPPS                                  (abs)        000276
_U3TXB                                    (abs)        0002C9
_U3TXEN                                   (abs)        00168D
_U3TXIF                                   (abs)        0025B9
_URT3Rx_ISR                               text168      01DB64
_WPUA0                                    (abs)        002008
_WPUA1                                    (abs)        002009
_WPUA2                                    (abs)        00200A
_WPUA3                                    (abs)        00200B
_WPUA5                                    (abs)        00200D
_WPUB0                                    (abs)        002048
_WPUB1                                    (abs)        002049
_WPUB2                                    (abs)        00204A
_WPUB3                                    (abs)        00204B
_WPUB6                                    (abs)        00204E
_WPUC                                     (abs)        000411
_WPUD                                     (abs)        000419
_WPUE2                                    (abs)        00210A
_WPUF                                     (abs)        000429
__HRAM                                    (abs)        000000
__H__absolute__                           __absolute__ 000000
__Habs1                                   abs1         000000
__Hbank10                                 bank10       000000
__Hbank11                                 bank11       000000
__Hbank12                                 bank12       000000
__Hbank13                                 bank13       000000
__Hbank14                                 bank14       000000
__Hbank15                                 bank15       000000
__Hbank16                                 bank16       000000
__Hbank17                                 bank17       000000
__Hbank18                                 bank18       000000
__Hbank19                                 bank19       000000
__Hbank20                                 bank20       000000
__Hbank21                                 bank21       000000
__Hbank22                                 bank22       000000
__Hbank23                                 bank23       000000
__Hbank24                                 bank24       000000
__Hbank25                                 bank25       000000
__Hbank26                                 bank26       000000
__Hbank27                                 bank27       000000
__Hbank28                                 bank28       000000
__Hbank29                                 bank29       000000
__Hbank30                                 bank30       000000
__Hbank31                                 bank31       000000
__Hbank32                                 bank32       000000
__Hbank33                                 bank33       000000
__Hbank34                                 bank34       000000
__Hbank35                                 bank35       000000
__Hbank36                                 bank36       000000
__Hbank5                                  bank5        000000
__Hbank6                                  bank6        000000
__Hbank7                                  bank7        000000
__Hbank8                                  bank8        000000
__Hbank9                                  bank9        000000
__Hbigbss                                 bigbss       000000
__Hbigdata                                bigdata      000000
__Hbigram                                 bigram       000000
__Hbigsfr                                 bigsfr       000000
__Hbss                                    bss          000000
__HbssBANK6                               bssBANK6     000000
__HbssBANK7                               bssBANK7     000000
__HbssBANK8                               bssBANK8     000000
__HbssBANK9                               bssBANK9     000000
__HbssBIGRAM                              bssBIGRAM    000000
__HbssCOMRAM                              bssCOMRAM    000000
__Hcinit                                  cinit        000000
__Hclrtext                                clrtext      000000
__Hcomram                                 comram       000000
__Hconfig                                 config       30000A
__Hconst                                  const        000000
__HcstackBANK5                            cstackBANK5  000000
__HcstackBANK6                            cstackBANK6  000000
__HcstackBANK7                            cstackBANK7  000000
__HcstackBANK8                            cstackBANK8  000000
__HcstackCOMRAM                           cstackCOMRAM 000000
__Hdata                                   data         000000
__HdataBANK6                              dataBANK6    000000
__HdataBANK7                              dataBANK7    000000
__HdataBANK8                              dataBANK8    000000
__Heeprom_data                            eeprom_data  000000
__Hfarbss                                 farbss       000000
__Hfardata                                fardata      000000
__Hheap                                   heap         000000
__Hibigdata                               ibigdata     000000
__Hidata                                  idata        000000
__HidataBANK6                             idataBANK6   000000
__HidataBANK7                             idataBANK7   000000
__HidataBANK8                             idataBANK8   000000
__Hidloc                                  idloc        000000
__Hifardata                               ifardata     000000
__Hinit                                   init         000106
__Hintsave_regs                           intsave_regs 000000
__Hirdata                                 irdata       000000
__Hivt0x8                                 ivt0x8       000102
__Hmediumconst                            mediumconst  010000
__HnvBANK7                                nvBANK7      000000
__HnvFARRAM                               nvFARRAM     000000
__Hnvbit                                  nvbit        000000
__Hnvrram                                 nvrram       000000
__Hparam                                  rparam       000000
__Hpowerup                                powerup      000000
__Hram                                    ram          000000
__Hramtop                                 ramtop       002600
__Hrbit                                   rbit         000000
__Hrbss                                   rbss         000000
__Hrdata                                  rdata        000000
__Hreset_vec                              reset_vec    000004
__Hrparam                                 rparam       000000
__Hsfr                                    sfr          000000
__Hsmallconst                             smallconst   000000
__Hspace_0                                (abs)        01E772
__Hspace_1                                (abs)        001EFC
__Hspace_2                                (abs)        000000
__Hspace_4                                (abs)        60000A
__Hstack                                  stack        000000
__Hstruct                                 struct       000000
__Htemp                                   temp         000000
__Htext                                   text         000000
__Htext0                                  text0        000000
__Htext1                                  text1        000000
__Htext10                                 text10       000000
__Htext100                                text100      000000
__Htext101                                text101      000000
__Htext102                                text102      000000
__Htext103                                text103      000000
__Htext104                                text104      000000
__Htext105                                text105      000000
__Htext106                                text106      000000
__Htext107                                text107      000000
__Htext108                                text108      000000
__Htext109                                text109      000000
__Htext11                                 text11       000000
__Htext110                                text110      000000
__Htext111                                text111      000000
__Htext112                                text112      000000
__Htext113                                text113      000000
__Htext114                                text114      000000
__Htext115                                text115      000000
__Htext116                                text116      000000
__Htext117                                text117      000000
__Htext118                                text118      000000
__Htext119                                text119      000000
__Htext12                                 text12       000000
__Htext120                                text120      000000
__Htext121                                text121      000000
__Htext122                                text122      000000
__Htext123                                text123      000000
__Htext124                                text124      000000
__Htext125                                text125      000000
__Htext126                                text126      000000
__Htext127                                text127      000000
__Htext128                                text128      000000
__Htext129                                text129      000000
__Htext13                                 text13       000000
__Htext130                                text130      000000
__Htext131                                text131      000000
__Htext132                                text132      000000
__Htext133                                text133      000000
__Htext134                                text134      000000
__Htext135                                text135      000000
__Htext136                                text136      000000
__Htext137                                text137      000000
__Htext138                                text138      000000
__Htext139                                text139      000000
__Htext14                                 text14       000000
__Htext140                                text140      000000
__Htext141                                text141      000000
__Htext142                                text142      000000
__Htext143                                text143      000000
__Htext144                                text144      000000
__Htext145                                text145      000000
__Htext146                                text146      000000
__Htext147                                text147      000000
__Htext148                                text148      000000
__Htext149                                text149      000000
__Htext15                                 text15       000000
__Htext150                                text150      000000
__Htext151                                text151      000000
__Htext152                                text152      000000
__Htext153                                text153      000000
__Htext154                                text154      000000
__Htext155                                text155      000000
__Htext156                                text156      000000
__Htext157                                text157      000000
__Htext158                                text158      000000
__Htext159                                text159      000000
__Htext16                                 text16       000000
__Htext160                                text160      000000
__Htext161                                text161      000000
__Htext162                                text162      000000
__Htext163                                text163      000000
__Htext164                                text164      000000
__Htext165                                text165      000000
__Htext166                                text166      000000
__Htext167                                text167      000000
__Htext168                                text168      000000
__Htext169                                text169      000000
__Htext17                                 text17       000000
__Htext18                                 text18       000000
__Htext19                                 text19       000000
__Htext2                                  text2        000000
__Htext20                                 text20       000000
__Htext21                                 text21       000000
__Htext22                                 text22       000000
__Htext23                                 text23       000000
__Htext24                                 text24       000000
__Htext25                                 text25       000000
__Htext26                                 text26       000000
__Htext27                                 text27       000000
__Htext28                                 text28       000000
__Htext29                                 text29       000000
__Htext3                                  text3        000000
__Htext30                                 text30       000000
__Htext31                                 text31       000000
__Htext32                                 text32       000000
__Htext33                                 text33       000000
__Htext34                                 text34       000000
__Htext35                                 text35       000000
__Htext36                                 text36       000000
__Htext37                                 text37       000000
__Htext38                                 text38       000000
__Htext39                                 text39       000000
__Htext4                                  text4        000000
__Htext40                                 text40       000000
__Htext41                                 text41       000000
__Htext42                                 text42       000000
__Htext43                                 text43       000000
__Htext44                                 text44       000000
__Htext45                                 text45       000000
__Htext46                                 text46       000000
__Htext47                                 text47       000000
__Htext48                                 text48       000000
__Htext49                                 text49       000000
__Htext5                                  text5        000000
__Htext50                                 text50       000000
__Htext51                                 text51       000000
__Htext52                                 text52       000000
__Htext53                                 text53       000000
__Htext54                                 text54       000000
__Htext55                                 text55       000000
__Htext56                                 text56       000000
__Htext57                                 text57       000000
__Htext58                                 text58       000000
__Htext59                                 text59       000000
__Htext6                                  text6        000000
__Htext60                                 text60       000000
__Htext61                                 text61       000000
__Htext62                                 text62       000000
__Htext63                                 text63       000000
__Htext64                                 text64       000000
__Htext65                                 text65       000000
__Htext66                                 text66       000000
__Htext67                                 text67       000000
__Htext68                                 text68       000000
__Htext69                                 text69       000000
__Htext7                                  text7        000000
__Htext70                                 text70       000000
__Htext71                                 text71       000000
__Htext72                                 text72       000000
__Htext73                                 text73       000000
__Htext74                                 text74       000000
__Htext75                                 text75       000000
__Htext76                                 text76       000000
__Htext77                                 text77       000000
__Htext78                                 text78       000000
__Htext79                                 text79       000000
__Htext8                                  text8        000000
__Htext80                                 text80       000000
__Htext81                                 text81       000000
__Htext82                                 text82       000000
__Htext83                                 text83       000000
__Htext84                                 text84       000000
__Htext85                                 text85       000000
__Htext86                                 text86       000000
__Htext87                                 text87       000000
__Htext88                                 text88       000000
__Htext89                                 text89       000000
__Htext9                                  text9        000000
__Htext90                                 text90       000000
__Htext91                                 text91       000000
__Htext92                                 text92       000000
__Htext93                                 text93       000000
__Htext94                                 text94       000000
__Htext95                                 text95       000000
__Htext96                                 text96       000000
__Htext97                                 text97       000000
__Htext98                                 text98       000000
__Htext99                                 text99       000000
__LRAM                                    (abs)        000001
__L__absolute__                           __absolute__ 000000
__Labs1                                   abs1         000000
__Lbank10                                 bank10       000000
__Lbank11                                 bank11       000000
__Lbank12                                 bank12       000000
__Lbank13                                 bank13       000000
__Lbank14                                 bank14       000000
__Lbank15                                 bank15       000000
__Lbank16                                 bank16       000000
__Lbank17                                 bank17       000000
__Lbank18                                 bank18       000000
__Lbank19                                 bank19       000000
__Lbank20                                 bank20       000000
__Lbank21                                 bank21       000000
__Lbank22                                 bank22       000000
__Lbank23                                 bank23       000000
__Lbank24                                 bank24       000000
__Lbank25                                 bank25       000000
__Lbank26                                 bank26       000000
__Lbank27                                 bank27       000000
__Lbank28                                 bank28       000000
__Lbank29                                 bank29       000000
__Lbank30                                 bank30       000000
__Lbank31                                 bank31       000000
__Lbank32                                 bank32       000000
__Lbank33                                 bank33       000000
__Lbank34                                 bank34       000000
__Lbank35                                 bank35       000000
[...]
strcpy@src                                cstackCOMRAM 000508
strlen@a                                  cstackCOMRAM 000508
strlen@s                                  cstackCOMRAM 000506
strncmp@_l                                cstackCOMRAM 000506
strncmp@_r                                cstackCOMRAM 000508
strncmp@l                                 cstackCOMRAM 00050D
strncmp@n                                 cstackCOMRAM 00050A
strncmp@r                                 cstackCOMRAM 00050F
sync_fs@fs                                cstackBANK6  00062F
sync_fs@res                               cstackBANK6  000639
sync_window@fs                            cstackBANK6  00061D
sync_window@res                           cstackCOMRAM 000555
toupper@c                                 cstackCOMRAM 00050A
unimon_console@buf                        cstackCOMRAM 000520
unimon_console@cnt                        cstackCOMRAM 000522
unimon_console@u_buff                     cstackCOMRAM 00051C
util_addrdump@addr                        cstackBANK5  0005D8
util_addrdump@addr_offs                   cstackBANK5  0005D4
util_addrdump@buf                         cstackBANK5  0005EF
util_addrdump@chars                       cstackBANK5  0005DE
util_addrdump@header                      cstackBANK5  0005D2
util_addrdump@i                           cstackBANK5  0005F1
util_addrdump@size                        cstackBANK5  0005DA
util_hexdump@addr                         cstackBANK5  0005D4
util_hexdump@buf                          cstackBANK5  0005EB
util_hexdump@chars                        cstackBANK5  0005DA
util_hexdump@header                       cstackBANK5  0005D2
util_hexdump@i                            cstackBANK5  0005ED
util_hexdump@size                         cstackBANK5  0005D6
util_hexdump_sum@addr                     cstackBANK5  0005F1
util_hexdump_sum@header                   cstackBANK5  0005EF
util_hexdump_sum@i                        cstackBANK5  0005F7
util_hexdump_sum@p                        cstackBANK5  0005F5
util_hexdump_sum@size                     cstackBANK5  0005F3
util_hexdump_sum@sum                      cstackBANK5  0005F9
validate@obj                              cstackBANK5  0005D2
validate@res                              cstackBANK5  0005DC
validate@rfs                              cstackBANK5  0005D4
vfpfcnvrt@ap                              cstackBANK5  0005AB
vfpfcnvrt@c                               cstackBANK5  0005B9
vfpfcnvrt@convarg                         cstackBANK5  0005B5
vfpfcnvrt@cp                              cstackBANK5  0005BA
vfpfcnvrt@done                            cstackBANK5  0005B1
vfpfcnvrt@fmt                             cstackBANK5  0005A9
vfpfcnvrt@fp                              cstackBANK5  0005A7
vfprintf@ap                               cstackBANK5  0005C0
vfprintf@cfmt                             cstackBANK5  0005C2
vfprintf@fmt                              cstackBANK5  0005BE
vfprintf@fp                               cstackBANK5  0005BC
write_disk@cnt                            cstackBANK6  0006B6
write_disk@req_h                          cstackBANK6  0006B4
write_sector@filep                        cstackBANK6  0006AF
write_sector@fres                         cstackBANK6  0006B1
write_sector@n                            cstackBANK6  0006B2
write_sector@req_h                        cstackBANK6  0006AA
write_sram@ab                             cstackCOMRAM 00051A
write_sram@addr                           cstackCOMRAM 00050E
write_sram@buf                            cstackCOMRAM 000512
write_sram@i                              cstackCOMRAM 000518
write_sram@len                            cstackCOMRAM 000514
write_verify@cnt                          cstackBANK6  0006BC
write_verify@i                            cstackBANK6  0006BE
write_verify@req_h                        cstackBANK6  0006B8
xtoa@c                                    cstackCOMRAM 000535
xtoa@d                                    cstackCOMRAM 000524
xtoa@fp                                   cstackCOMRAM 000522
xtoa@i                                    cstackCOMRAM 000533
xtoa@p                                    cstackCOMRAM 00052F
xtoa@w                                    cstackCOMRAM 000531
xtoa@x                                    cstackCOMRAM 000528


MODULE INFORMATION

Module		Function		Class		Link	Load	Size
C:\Program Files\Microchip\xc8\v2.41\pic\sources\c99\common\__fpclassifyf.c
		___fpclassifyf 		CODE           	1C21E	0000	254

C:\Program Files\Microchip\xc8\v2.41\pic\sources\c99\common\__fpclassifyf.c estimated size: 254

C:\Program Files\Microchip\xc8\v2.41\pic\sources\c99\common\toupper.c
		_toupper       		CODE           	1E244	0000	56

C:\Program Files\Microchip\xc8\v2.41\pic\sources\c99\common\toupper.c estimated size: 56

C:\Program Files\Microchip\xc8\v2.41\pic\sources\c99\common\floorf.c
		_floorf        		CODE           	18874	0000	534

C:\Program Files\Microchip\xc8\v2.41\pic\sources\c99\common\floorf.c estimated size: 534

C:\Program Files\Microchip\xc8\v2.41\pic\sources\c99\common\isalpha.c
		_isalpha       		CODE           	1E27C	0000	56

C:\Program Files\Microchip\xc8\v2.41\pic\sources\c99\common\isalpha.c estimated size: 56

C:\Program Files\Microchip\xc8\v2.41\pic\sources\c99\common\flge.c
		___flge        		CODE           	1C018	0000	260

C:\Program Files\Microchip\xc8\v2.41\pic\sources\c99\common\flge.c estimated size: 260

C:\Program Files\Microchip\xc8\v2.41\pic\sources\c99\common\almod.c
		___almod       		CODE           	1C416	0000	236

C:\Program Files\Microchip\xc8\v2.41\pic\sources\c99\common\almod.c estimated size: 236

C:\Program Files\Microchip\xc8\v2.41\pic\sources\c99\common\Umul32.c
		___lmul        		CODE           	1DA2E	0000	106

C:\Program Files\Microchip\xc8\v2.41\pic\sources\c99\common\Umul32.c estimated size: 106

../src/boards/emu88_common.c
		_emu88_common_init		CODE           	1E5D2	0000	28
		_write_sram    		CODE           	1B606	0000	318
		_read_sram     		CODE           	1BAC8	0000	284
		_emu88_common_start_i88		CODE           	1E606	0000	22
		_emu88_common_wait_for_programmer		CODE           	1DD84	0000	82
		_emu88_common_sys_init		CODE           	1D556	0000	138

../src/boards/emu88_common.c estimated size: 872

../drivers/diskio.c
		_get_fattime   		CODE           	1E71C	0000	18
		_disk_initialize		CODE           	17A78	0000	660
		_disk_write    		CODE           	1A4EE	0000	394
		_disk_status   		CODE           	1D768	0000	128
		_disk_ioctl    		CODE           	1CEBE	0000	186
		_disk_read     		CODE           	1A678	0000	394

../drivers/diskio.c estimated size: 1780

C:\Program Files\Microchip\xc8\v2.41\pic\sources\c99\common\fltol.c
		___fltol       		CODE           	1BF12	0000	262

C:\Program Files\Microchip\xc8\v2.41\pic\sources\c99\common\fltol.c estimated size: 262

../src/boards/../../drivers/SDCard.c
		_SDCard_crc    		CODE           	1D664	0000	132
		___SDCard_crc16		CODE           	1CD3C	0000	196
		_SDCard_init   		CODE           	14BE2	0000	1212
		_SDCard_read512		CODE           	16604	0000	934
		_SDCard_command		CODE           	1D7E8	0000	124
		_SDCard_write512		CODE           	15548	0000	1128
		_SDCard_end_transaction		CODE           	1E44E	0000	42
		___SDCard_wait_response		CODE           	1E03C	0000	70
		___SDCard_command_r1		CODE           	1D030	0000	182

../src/boards/../../drivers/SDCard.c estimated size: 4020

C:\Program Files\Microchip\xc8\v2.41\pic\sources\c99\common\xxtofl.c
		___xxtofl      		CODE           	197F8	0000	436

C:\Program Files\Microchip\xc8\v2.41\pic\sources\c99\common\xxtofl.c estimated size: 436

C:\Program Files\Microchip\xc8\v2.41\pic\sources\c99\common\__lldiv.c
		___lldiv       		CODE           	1D2E6	0000	164

C:\Program Files\Microchip\xc8\v2.41\pic\sources\c99\common\__lldiv.c estimated size: 164

../src/io.c
		_seek_disk     		CODE           	1CE00	0000	190
		_dsk_drv_err   		CODE           	1E632	0000	22
		_dev_aux       		CODE           	1E74E	0000	14
		_command_error 		CODE           	1E6B6	0000	22
		_get_physical_addr		CODE           	1E324	0000	56
		_unimon_console		CODE           	1AF5A	0000	356
		_write_disk    		CODE           	1D426	0000	156
		_putch         		CODE           	1E6A0	0000	22
		_read_disk     		CODE           	1D0E6	0000	172
		_dsk_bpb_err   		CODE           	1E68A	0000	22
		_dsk_media_check		CODE           	1E72E	0000	18
		_set_drive     		CODE           	1E35C	0000	54
		_setup_drive   		CODE           	1DAFE	0000	100
		_set_bpb       		CODE           	1BCF6	0000	272
		_dsk_wr_err    		CODE           	1E648	0000	22
		_dev_con       		CODE           	1A03A	0000	404
		_dev_exit      		CODE           	1E6E2	0000	22
		_URT3Rx_ISR    		CODE           	1DB64	0000	98
		_write_sector  		CODE           	199AC	0000	430
		_io_init       		CODE           	1DC24	0000	92
		_set_dskinit_bpb		CODE           	1BBE4	0000	274
		_write_verify  		CODE           	1B4C0	0000	326
		_dev_tim       		CODE           	1B9A8	0000	288
		_busy_exit     		CODE           	1E6CC	0000	22
		_read_sector   		CODE           	1A360	0000	398
		_dev_prn       		CODE           	1E740	0000	14
		_getch         		CODE           	1DF64	0000	76
		_dsk_rd_err    		CODE           	1E65E	0000	22
		_TIMER0_ISR    		CODE           	1D950	0000	114
		_dsk_crc_err   		CODE           	1E674	0000	22
		_Default_ISR   		CODE           	1E770	0000	2
		_bus_master_operation		CODE           	19642	0000	438
		_dev_dsk       		CODE           	19288	0000	490

../src/io.c estimated size: 5030

../src/boards/../../drivers/pic18f57q43_spi.c
		_SPI_SD_send   		CODE           	1D4C2	0000	148
		_SPI_SD_begin  		CODE           	1E392	0000	50
		_SPI_SD_select 		CODE           	1E5EE	0000	24
		_SPI_SD_configure		CODE           	1B744	0000	312
		_SPI_SD_receive_byte		CODE           	1E510	0000	34
		_SPI_SD_receive		CODE           	17464	0000	808
		_SPI_SD_end_transaction		CODE           	1E554	0000	34
		_SPI_SD_dummy_clocks		CODE           	1DBC6	0000	94
		_release_bus   		CODE           	1E10A	0000	66
		_SPI_SD_begin_transaction		CODE           	1E532	0000	34
		_acquire_bus   		CODE           	1DD30	0000	84

../src/boards/../../drivers/pic18f57q43_spi.c estimated size: 1688

C:\Program Files\Microchip\xc8\v2.41\pic\sources\c99\common\strlen.c
		_strlen        		CODE           	1DE78	0000	80

C:\Program Files\Microchip\xc8\v2.41\pic\sources\c99\common\strlen.c estimated size: 80

C:\Program Files\Microchip\xc8\v2.41\pic\sources\c99\common\nf_fputc.c
		_fputc         		CODE           	1CC72	0000	202

C:\Program Files\Microchip\xc8\v2.41\pic\sources\c99\common\nf_fputc.c estimated size: 202

../src/memory.c
		_mem_init      		CODE           	17F9E	0000	626

../src/memory.c estimated size: 626

C:\Program Files\Microchip\xc8\v2.41\pic\sources\c99\common\strcmp.c
		_strcmp        		CODE           	1D864	0000	120

C:\Program Files\Microchip\xc8\v2.41\pic\sources\c99\common\strcmp.c estimated size: 120

C:\Program Files\Microchip\xc8\v2.41\pic\sources\c99\common\strchr.c
		_strchr        		CODE           	1DC80	0000	90

C:\Program Files\Microchip\xc8\v2.41\pic\sources\c99\common\strchr.c estimated size: 90

C:\Program Files\Microchip\xc8\v2.41\pic\sources\c99\common\strcpy.c
		_strcpy        		CODE           	1E082	0000	68

C:\Program Files\Microchip\xc8\v2.41\pic\sources\c99\common\strcpy.c estimated size: 68

C:\Program Files\Microchip\xc8\v2.41\pic\sources\c99\common\memset.c
		_memset        		CODE           	1AB04	0000	374

C:\Program Files\Microchip\xc8\v2.41\pic\sources\c99\common\memset.c estimated size: 374

C:\Program Files\Microchip\xc8\v2.41\pic\sources\c99\common\nf_sprintf.c
		_sprintf       		CODE           	1DE28	0000	80

C:\Program Files\Microchip\xc8\v2.41\pic\sources\c99\common\nf_sprintf.c estimated size: 80

C:\Program Files\Microchip\xc8\v2.41\pic\sources\c99\common\sprcadd.c
		___flsub       		CODE           	1DFF6	0000	70
		___fladd       		CODE           	14722	0000	1216

C:\Program Files\Microchip\xc8\v2.41\pic\sources\c99\common\sprcadd.c estimated size: 1286

C:\Program Files\Microchip\xc8\v2.41\pic\sources\c99\common\lwdiv.c
		___lwdiv       		CODE           	1D8DC	0000	116

C:\Program Files\Microchip\xc8\v2.41\pic\sources\c99\common\lwdiv.c estimated size: 116

C:\Program Files\Microchip\xc8\v2.41\pic\sources\c99\common\aldiv.c
		___aldiv       		CODE           	1BE06	0000	268

C:\Program Files\Microchip\xc8\v2.41\pic\sources\c99\common\aldiv.c estimated size: 268

C:\Program Files\Microchip\xc8\v2.41\pic\sources\c99\common\abs.c
		_abs           		CODE           	1E18C	0000	64

C:\Program Files\Microchip\xc8\v2.41\pic\sources\c99\common\abs.c estimated size: 64

C:\Program Files\Microchip\xc8\v2.41\pic\sources\c99\common\doprnt.c
		_read_prec_or_width		CODE           	1C878	0000	206
		_vfpfcnvrt     		CODE           	12D8E	0000	2000
		_efgtoa        		CODE           	10AC4	0000	2660
		_pad           		CODE           	1D23C	0000	170
		_ctoa          		CODE           	1CBA8	0000	202
		_dtoa          		CODE           	18C9C	0000	512
		_vfprintf      		CODE           	1DCDA	0000	86
		_stoa          		CODE           	1A1CE	0000	402
		_xtoa          		CODE           	19472	0000	464

C:\Program Files\Microchip\xc8\v2.41\pic\sources\c99\common\doprnt.c estimated size: 6702

../fatfs/ff.c
		_clst2sect     		CODE           	1CA12	0000	204
		_find_volume   		CODE           	19094	0000	500
		_dir_clear     		CODE           	1B222	0000	336
		_ld_dword      		CODE           	1CF78	0000	184
		_remove_chain  		CODE           	18210	0000	562
		_f_mount       		CODE           	1C31C	0000	250
		_get_fat       		CODE           	16204	0000	1024
		_st_word       		CODE           	1E478	0000	40
		_get_ldnumber  		CODE           	19CFE	0000	414
		_st_clust      		CODE           	1DF18	0000	76
		_create_name   		CODE           	16D44	0000	918
		_create_chain  		CODE           	13C72	0000	1456
		_dbc_1st       		CODE           	1D38A	0000	156
		_f_lseek       		CODE           	11DA4	0000	2050
		_validate      		CODE           	1C11C	0000	258
		_check_fs      		CODE           	1778C	0000	748
		_f_sync        		CODE           	1865E	0000	534
		_get_fileinfo  		CODE           	18E9C	0000	504
		_dir_read      		CODE           	19B5A	0000	420
		_st_dword      		CODE           	1D9C2	0000	108
		_f_write       		CODE           	11528	0000	2172
		_dir_alloc     		CODE           	1B372	0000	334
		_f_opendir     		CODE           	1A986	0000	382
		_put_fat       		CODE           	14222	0000	1280
		_f_readdir     		CODE           	1C502	0000	230
		_sync_fs       		CODE           	18A8A	0000	530
		_dir_next      		CODE           	159B0	0000	1066
		_sync_window   		CODE           	19E9C	0000	414
		_dir_register  		CODE           	1C5E8	0000	226
		_ld_word       		CODE           	1E2EC	0000	56
		_dir_find      		CODE           	1A802	0000	388
		_f_open        		CODE           	125A6	0000	2024
		_f_read        		CODE           	1355E	0000	1812
		_dir_sdi       		CODE           	170DA	0000	906
		_follow_path   		CODE           	18442	0000	540
		_f_closedir    		CODE           	1E20C	0000	56
		_dbc_2nd       		CODE           	1C6CA	0000	224
		_ld_clust      		CODE           	1D6E8	0000	128
		_move_window   		CODE           	1C946	0000	204
		_mount_volume  		CODE           	10000	0000	2756

../fatfs/ff.c estimated size: 26470

../drivers/utils.c
		_util_addrdump 		CODE           	1AC7A	0000	372
		_util_hexdump  		CODE           	1B0BE	0000	356
		_util_hexdump_sum		CODE           	1D5E0	0000	132

../drivers/utils.c estimated size: 860

C:\Program Files\Microchip\xc8\v2.41\pic\sources\c99\common\flneg.c
		___flneg       		CODE           	1E2B4	0000	56

C:\Program Files\Microchip\xc8\v2.41\pic\sources\c99\common\flneg.c estimated size: 56

C:\Program Files\Microchip\xc8\v2.41\pic\sources\c99\common\fleq.c
		___fleq        		CODE           	1D192	0000	170

C:\Program Files\Microchip\xc8\v2.41\pic\sources\c99\common\fleq.c estimated size: 170

../src/emu88_main.c
		_sys_init      		CODE           	1E4EE	0000	34
		_main          		CODE           	17D0C	0000	658
		_menu_select   		CODE           	1509E	0000	1194
		_start_i88     		CODE           	1E596	0000	30
		_disk_init     		CODE           	1DDD6	0000	82

../src/emu88_main.c estimated size: 1998

shared
		_num_drives    		MEDIUMCONST    	0000	0000	0
		_DbcTbl        		MEDIUMCONST    	9FAF	0000	10
		_rom0          		MEDIUMCONST    	EDD3	0000	2497
		__initialization		CODE           	1CADE	0000	196
		_rom1          		MEDIUMCONST    	9FBB	0000	17176
		_rom2          		MEDIUMCONST    	E2D3	0000	2816

shared estimated size: 22695

../src/boards/EMU88RAM.c
		_board_event_loop		CODE           	1DFB0	0000	70
		_nmi_sig_on    		CODE           	1E768	0000	4
		_nmi_sig_off   		CODE           	1E76C	0000	4
		_set_hold_pin  		CODE           	1E6F8	0000	18
		_bus_hold_req  		CODE           	1E5B4	0000	30
		_reset_hold_pin		CODE           	1E70A	0000	18
		_board_init    		CODE           	1E576	0000	32
		_emu88_57q_sys_init		CODE           	1ADEE	0000	364
		_emu88_57q_start_i88		CODE           	1E3C4	0000	50
		_bus_release_req		CODE           	1E61C	0000	22
		_reset_ioreq   		CODE           	1E75C	0000	8

../src/boards/EMU88RAM.c estimated size: 620

C:\Program Files\Microchip\xc8\v2.41\pic\sources\c99\common\memcmp.c
		_memcmp        		CODE           	1C7AA	0000	206

C:\Program Files\Microchip\xc8\v2.41\pic\sources\c99\common\memcmp.c estimated size: 206

C:\Program Files\Microchip\xc8\v2.41\pic\sources\c99\common\memcpy.c
		_memcpy        		CODE           	1DEC8	0000	80

C:\Program Files\Microchip\xc8\v2.41\pic\sources\c99\common\memcpy.c estimated size: 80

C:\Program Files\Microchip\xc8\v2.41\pic\sources\c99\common\isupper.c
		_isupper       		CODE           	1E422	0000	44

C:\Program Files\Microchip\xc8\v2.41\pic\sources\c99\common\isupper.c estimated size: 44

C:\Program Files\Microchip\xc8\v2.41\pic\sources\c99\common\Umul16.c
		___wmul        		CODE           	1E4C8	0000	38

C:\Program Files\Microchip\xc8\v2.41\pic\sources\c99\common\Umul16.c estimated size: 38

C:\Program Files\Microchip\xc8\v2.41\pic\sources\c99\common\nf_fputs.c
		_fputs         		CODE           	1E0C6	0000	68

C:\Program Files\Microchip\xc8\v2.41\pic\sources\c99\common\nf_fputs.c estimated size: 68

C:\Program Files\Microchip\xc8\v2.41\pic\sources\c99\common\islower.c
		_islower       		CODE           	1E3F6	0000	44

C:\Program Files\Microchip\xc8\v2.41\pic\sources\c99\common\islower.c estimated size: 44

C:\Program Files\Microchip\xc8\v2.41\pic\sources\c99\common\labs.c
		_labs          		CODE           	1DA98	0000	102

C:\Program Files\Microchip\xc8\v2.41\pic\sources\c99\common\labs.c estimated size: 102

C:\Program Files\Microchip\xc8\v2.41\pic\sources\c99\common\strncmp.c
		_strncmp       		CODE           	1B87C	0000	300

C:\Program Files\Microchip\xc8\v2.41\pic\sources\c99\common\strncmp.c estimated size: 300

C:\Program Files\Microchip\xc8\v2.41\pic\sources\c99\common\sprcmul.c
		___flmul       		CODE           	15DDA	0000	1066

C:\Program Files\Microchip\xc8\v2.41\pic\sources\c99\common\sprcmul.c estimated size: 1066

C:\Program Files\Microchip\xc8\v2.41\pic\sources\c99\common\printf.c
		_printf        		CODE           	1E4A0	0000	40

C:\Program Files\Microchip\xc8\v2.41\pic\sources\c99\common\printf.c estimated size: 40

C:\Program Files\Microchip\xc8\v2.41\pic\sources\c99\common\sprcdiv.c
		___fldiv       		CODE           	169AA	0000	922

C:\Program Files\Microchip\xc8\v2.41\pic\sources\c99\common\sprcdiv.c estimated size: 922

